// Jest Snapshot v1, https://goo.gl/fbAQLP

exports[`renders correctly 1`] = `
<div
  className="container"
>
  <div
    className="caution"
  >
    <a>
      CAUTION
    </a>
     DOG WILL BITE
  </div>
  <div
    className="userInput"
  >
    <input
      className="addressInput "
      name="address"
      placeholder="Please type address"
    />
    <button
      className="button search"
      onClick={[Function]}
    >
      Search
    </button>
  </div>
</div>
`;
