// Jest Snapshot v1, https://goo.gl/fbAQLP

exports[`render correctly 1`] = `
<div
  style={
    Object {
      "height": "90vh",
      "margin": "auto",
      "width": "90vw",
    }
  }
/>
`;
